// Jest Snapshot v1, https://goo.gl/fbAQLP

exports[`should render expense list correctly 1`] = `
<div
  className="content-container"
>
  <div
    className="list-header"
  >
    <div>
       Expense
    </div>
    <div>
       Action
    </div>
  </div>
  <div
    className="list-body"
  >
    <Connect(ExpenseRow)
      expenseRowData={
        Object {
          "amount": 100,
          "createdAt": "1970-01-01T00:00:00.000Z",
          "description": "rent",
          "id": "1",
          "note": "abc",
        }
      }
      key="0"
    />
    <Connect(ExpenseRow)
      expenseRowData={
        Object {
          "amount": 1000,
          "createdAt": -345600000,
          "description": "bill",
          "id": "2",
          "note": "abc",
        }
      }
      key="1"
    />
    <Connect(ExpenseRow)
      expenseRowData={
        Object {
          "amount": 2000,
          "createdAt": 345600000,
          "description": "credit",
          "id": "3",
          "note": "abc",
        }
      }
      key="2"
    />
  </div>
</div>
`;

exports[`should render expense list empty with no data  1`] = `
<div
  className="content-container"
>
  <div
    className="list-header"
  >
    <div>
       Expense
    </div>
    <div>
       Action
    </div>
  </div>
  <div
    className="list-body"
  >
    <div
      className="list-item list-item--message"
    >
      <span>
        No expenses
      </span>
    </div>
  </div>
</div>
`;
